<html>
<body>
<pre>
<h1>µVision Build Log</h1>
<h2>Tool Versions:</h2>
IDE-Version: ¦ÌVision V5.36.0.0
Copyright (C) 2021 ARM Ltd and ARM Germany GmbH. All rights reserved.
License Information: h j, 12313, LIC=EXJT4-FIX3G-ARZXW-QZAUS-XCRLU-LJJ4G
 
Tool Versions:
Toolchain:       MDK-ARM Plus  Version: 5.36.0.0
Toolchain Path:  C:\Keil_v5\ARM\ARMCC\Bin
C Compiler:      Armcc.exe V5.06 update 7 (build 960)
Assembler:       Armasm.exe V5.06 update 7 (build 960)
Linker/Locator:  ArmLink.exe V5.06 update 7 (build 960)
Library Manager: ArmAr.exe V5.06 update 7 (build 960)
Hex Converter:   FromElf.exe V5.06 update 7 (build 960)
CPU DLL:         SARMCM3.DLL V5.36.0.0
Dialog DLL:      DARMCM1.DLL V1.19.4.0
Target DLL:      CMSIS_AGDI.dll V1.33.0.0
Dialog DLL:      TARMCM1.DLL V1.14.4.0
 
<h2>Project:</h2>
F:\project\ChargingCase\ChargingCase_CMS32L051\bootloader\Project\bootloader.uvprojx
Project File Date:  03/08/2023

<h2>Output:</h2>
*** Using Compiler 'V5.06 update 7 (build 960)', folder: 'C:\Keil_v5\ARM\ARMCC\Bin'
Build target 'bootloader'
assembling startup_CMS32L051.s...
compiling system_CMS32L051.c...
compiling flash.c...
compiling main.c...
linking...
Program Size: Code=1424 RO-data=228 RW-data=16 ZI-data=1376  
FromELF: creating hex file...
After Build - User command #1: fromelf --bin -o "F:\project\ChargingCase\ChargingCase_CMS32L051\bootloader\Project\Objects\bootloader.bin" "F:\project\ChargingCase\ChargingCase_CMS32L051\bootloader\Project\Objects\bootloader.axf"
".\Objects\bootloader.axf" - 0 Error(s), 0 Warning(s).

<h2>Software Packages used:</h2>

Package Vendor: Cmsemicon
                http://www.mcu.com.cn/pack/Cmsemicon.CMS32L051.1.3.0.pack
                Cmsemicon.CMS32L051.1.3.0
                Cmsemicon CMS32L051 Device Family Pack

<h2>Collection of Component include folders:</h2>
  C:\Keil_v5\Arm\Packs\Cmsemicon\CMS32L051\1.3.0\Device\Include

<h2>Collection of Component Files used:</h2>
Build Time Elapsed:  00:00:01
</pre>
</body>
</html>
